@@exit@@
0
@@stdout@@
{
  "hookSpecificOutput": {
    "hookEventName": "UserPromptSubmit",
    "additionalContext": "Kimiflow active session is open: .kimiflow/demo. Treat this user prompt as part of that Kimiflow run unless the user explicitly says to exit, abort, park, or switch workflows. Do not route follow-up fixes/features to another skill. Before editing, append or update run items with hooks/active-run.sh append-item/mark-built/mark-accepted/mark-rejected/drop-item. Open item count: 0. Finish only through hooks/active-run.sh finish --write, or park/fail/abort with a reason."
  }
}
@@stderr@@
@@files@@
.kimiflow/demo/STATE.md	mode=644	hash=sha256:42e3adbce0428a0c90a275721713087437c84cca7e87a645f3d846f04e384d3d
.kimiflow/project/FINDINGS.md	mode=644	hash=sha256:a2ed99a0a376d3147db54333f62ba30603ac43d8cf558ff240d9a724251cbf82
.kimiflow/session/ACTIVE_RUN.json	mode=644	hash=sha256:1e6fa73dbce84ff17e34d1c1763e8a2823e61bba91f52cc3519281d415339de7
README.md	mode=644	hash=sha256:5891b5b522d5df086d0ff0b110fbd9d21bb4fc7163af34d08286a2e846f6be03
hooks/a.sh	mode=644	hash=sha256:ab08508fdf5ca4da5c4995987bc41c56c048aaa5eeb046417ae4049b7d40286e
